[demo.adminkit.io/index.html]
[demo.adminkit.io/img/icons/icon-48x48.png]
[backblue.gif]
[fade.gif]
[index.html]
[demo.adminkit.io/css/light.css]
[demo.adminkit.io/js/settings.js]
[demo.adminkit.io/img/avatars/avatar.jpg]
[demo.adminkit.io/pages-profile.html]
[demo.adminkit.io/pages-settings.html]
[demo.adminkit.io/dashboard-ecommerce.html]
[demo.adminkit.io/dashboard-crypto.html]
[demo.adminkit.io/pages-projects.html]
[demo.adminkit.io/pages-clients.html]
[demo.adminkit.io/pages-orders.html]
[demo.adminkit.io/pages-pricing.html]
[demo.adminkit.io/pages-chat.html]
[demo.adminkit.io/pages-blank.html]
[demo.adminkit.io/pages-invoice.html]
[demo.adminkit.io/pages-tasks.html]
[demo.adminkit.io/calendar.html]
[demo.adminkit.io/pages-sign-in.html]
[demo.adminkit.io/pages-sign-up.html]
[demo.adminkit.io/pages-reset-password.html]
[demo.adminkit.io/pages-404.html]
[demo.adminkit.io/pages-500.html]
[demo.adminkit.io/ui-alerts.html]
[demo.adminkit.io/ui-buttons.html]
[demo.adminkit.io/ui-cards.html]
[demo.adminkit.io/ui-general.html]
[demo.adminkit.io/ui-grid.html]
[demo.adminkit.io/ui-modals.html]
[demo.adminkit.io/ui-offcanvas.html]
[demo.adminkit.io/ui-placeholders.html]
[demo.adminkit.io/ui-tabs.html]
[demo.adminkit.io/ui-typography.html]
[demo.adminkit.io/icons-feather.html]
[demo.adminkit.io/icons-font-awesome.html]
[demo.adminkit.io/forms-basic-inputs.html]
[demo.adminkit.io/forms-layouts.html]
[demo.adminkit.io/forms-input-groups.html]
[demo.adminkit.io/tables-bootstrap.html]
[demo.adminkit.io/forms-advanced-inputs.html]
[demo.adminkit.io/forms-editors.html]
[demo.adminkit.io/forms-validation.html]
[demo.adminkit.io/tables-datatables-responsive.html]
[demo.adminkit.io/tables-datatables-buttons.html]
[demo.adminkit.io/tables-datatables-column-search.html]
[demo.adminkit.io/tables-datatables-fixed-header.html]
[demo.adminkit.io/tables-datatables-multi.html]
[demo.adminkit.io/tables-datatables-ajax.html]
[demo.adminkit.io/charts-chartjs.html]
[demo.adminkit.io/charts-apexcharts.html]
[demo.adminkit.io/notifications.html]
[demo.adminkit.io/maps-google.html]
[demo.adminkit.io/maps-vector.html]
[demo.adminkit.io/img/avatars/avatar-5.jpg]
[demo.adminkit.io/img/avatars/avatar-2.jpg]
[demo.adminkit.io/img/avatars/avatar-4.jpg]
[demo.adminkit.io/img/avatars/avatar-3.jpg]
[demo.adminkit.io/img/flags/us.png]
[demo.adminkit.io/img/flags/es.png]
[demo.adminkit.io/img/flags/ru.png]
[demo.adminkit.io/img/flags/de.png]
[demo.adminkit.io/img/icons/brand-1.svg]
[demo.adminkit.io/img/icons/brand-2.svg]
[demo.adminkit.io/img/icons/brand-3.svg]
[demo.adminkit.io/img/icons/brand-4.svg]
[demo.adminkit.io/img/icons/brand-5.svg]
[demo.adminkit.io/index.html]
[demo.adminkit.io/js/app.js]
[demo.adminkit.io/fonts/fa-brands-400.woff2]
[demo.adminkit.io/fonts/fa-brands-400.ttf]
[demo.adminkit.io/fonts/fa-regular-400.woff2]
[demo.adminkit.io/fonts/fa-regular-400.ttf]
[demo.adminkit.io/fonts/fa-solid-900.woff2]
[demo.adminkit.io/css/light.css]
[demo.adminkit.io/fonts/fa-solid-900.ttf]
[demo.adminkit.io/pages-profile-2.html]
[demo.adminkit.io/img/photos/unsplash-1.jpg]
[demo.adminkit.io/img/photos/unsplash-2.jpg]
[demo.adminkit.io/pages-profile.html]
[demo.adminkit.io/pages-settings.html]
[demo.adminkit.io/pages-settings-2.html]
[demo.adminkit.io/dashboard-ecommerce.html]
[demo.adminkit.io/dashboard-ecommerce-2.html]
[demo.adminkit.io/dashboard-crypto.html]
[demo.adminkit.io/dashboard-crypto-2.html]
[demo.adminkit.io/pages-projects-2.html]
[demo.adminkit.io/img/photos/unsplash-3.jpg]
[demo.adminkit.io/pages-projects.html]
[demo.adminkit.io/pages-clients.html]
[demo.adminkit.io/pages-clients-2.html]
[demo.adminkit.io/pages-orders-2.html]
[demo.adminkit.io/pages-orders.html]
[demo.adminkit.io/js/datatables.js]
[demo.adminkit.io/pages-pricing.html]
[demo.adminkit.io/pages-pricing-2.html]
[demo.adminkit.io/pages-chat.html]
[demo.adminkit.io/pages-chat-2.html]
[demo.adminkit.io/pages-blank.html]
[demo.adminkit.io/pages-blank-2.html]
[demo.adminkit.io/pages-invoice.html]
[demo.adminkit.io/pages-invoice-2.html]
[demo.adminkit.io/pages-tasks.html]
[demo.adminkit.io/pages-tasks-2.html]
[demo.adminkit.io/calendar-2.html]
[demo.adminkit.io/calendar.html]
[demo.adminkit.io/js/fullcalendar.js]
[demo.adminkit.io/pages-sign-in.html]
[demo.adminkit.io/pages-sign-in-2.html]
[demo.adminkit.io/pages-sign-up.html]
[demo.adminkit.io/pages-sign-up-2.html]
[demo.adminkit.io/pages-reset-password.html]
[demo.adminkit.io/pages-reset-password-2.html]
[demo.adminkit.io/pages-405.html]
[demo.adminkit.io/pages-404.html]
[demo.adminkit.io/pages-500.html]
[demo.adminkit.io/pages-501.html]
[demo.adminkit.io/ui-alerts.html]
[demo.adminkit.io/ui-alerts-2.html]
[demo.adminkit.io/ui-buttons.html]
[demo.adminkit.io/ui-buttons-2.html]
[demo.adminkit.io/ui-cards.html]
[demo.adminkit.io/ui-cards-2.html]
[demo.adminkit.io/ui-general.html]
[demo.adminkit.io/ui-general-2.html]
[demo.adminkit.io/ui-grid.html]
[demo.adminkit.io/ui-grid-2.html]
[demo.adminkit.io/ui-modals.html]
[demo.adminkit.io/ui-modals-2.html]
[demo.adminkit.io/ui-offcanvas.html]
[demo.adminkit.io/ui-offcanvas-2.html]
[demo.adminkit.io/ui-placeholders.html]
[demo.adminkit.io/ui-placeholders-2.html]
[demo.adminkit.io/ui-tabs.html]
[demo.adminkit.io/ui-tabs-2.html]
[demo.adminkit.io/ui-typography.html]
[demo.adminkit.io/ui-typography-2.html]
[demo.adminkit.io/icons-feather.html]
[demo.adminkit.io/icons-feather-2.html]
[demo.adminkit.io/icons-font-awesome.html]
[demo.adminkit.io/icons-font-awesome-2.html]
[demo.adminkit.io/forms-basic-inputs.html]
[demo.adminkit.io/forms-basic-inputs-2.html]
[demo.adminkit.io/forms-layouts.html]
[demo.adminkit.io/forms-layouts-2.html]
[demo.adminkit.io/forms-input-groups.html]
[demo.adminkit.io/forms-input-groups-2.html]
[demo.adminkit.io/tables-bootstrap.html]
[demo.adminkit.io/tables-bootstrap-2.html]
[demo.adminkit.io/forms-advanced-inputs.html]
[demo.adminkit.io/forms-advanced-inputs-2.html]
[demo.adminkit.io/forms-editors.html]
[demo.adminkit.io/forms-editors-2.html]
[demo.adminkit.io/forms-validation.html]
[demo.adminkit.io/forms-validation-2.html]
[demo.adminkit.io/tables-datatables-responsive.html]
[demo.adminkit.io/tables-datatables-responsive-2.html]
[demo.adminkit.io/tables-datatables-buttons.html]
[demo.adminkit.io/tables-datatables-buttons-2.html]
[demo.adminkit.io/tables-datatables-column-search.html]
[demo.adminkit.io/tables-datatables-column-search-2.html]
[demo.adminkit.io/tables-datatables-fixed-header.html]
[demo.adminkit.io/tables-datatables-fixed-header-2.html]
[demo.adminkit.io/tables-datatables-multi.html]
[demo.adminkit.io/tables-datatables-multi-2.html]
[demo.adminkit.io/tables-datatables-ajax.html]
[demo.adminkit.io/tables-datatables-ajax-2.html]
[demo.adminkit.io/charts-chartjs.html]
[demo.adminkit.io/charts-chartjs-2.html]
[demo.adminkit.io/charts-apexcharts.html]
[demo.adminkit.io/charts-apexcharts-2.html]
[demo.adminkit.io/notifications.html]
[demo.adminkit.io/notifications-2.html]
[demo.adminkit.io/maps-google.html]
[demo.adminkit.io/maps-google-2.html]
[demo.adminkit.io/maps-vector.html]
[demo.adminkit.io/img/icons/brand-1.svg]
[demo.adminkit.io/img/icons/brand-2.svg]
[demo.adminkit.io/img/icons/brand-3.svg]
[demo.adminkit.io/img/icons/brand-4.svg]
[demo.adminkit.io/img/icons/brand-5.svg]
[demo.adminkit.io/pages-profile-2.html]
[demo.adminkit.io/pages-settings-2.html]
[demo.adminkit.io/dashboard-ecommerce-2.html]
[demo.adminkit.io/dashboard-crypto-2.html]
[demo.adminkit.io/pages-projects-2.html]
[demo.adminkit.io/pages-clients-2.html]
[demo.adminkit.io/pages-orders-2.html]
[demo.adminkit.io/pages-pricing-2.html]
[demo.adminkit.io/pages-chat-2.html]
[demo.adminkit.io/pages-blank-2.html]
[demo.adminkit.io/pages-invoice-2.html]
[demo.adminkit.io/pages-tasks-2.html]
[demo.adminkit.io/calendar-2.html]
[demo.adminkit.io/pages-sign-in-2.html]
[demo.adminkit.io/pages-sign-up-2.html]
[demo.adminkit.io/pages-reset-password-2.html]
[demo.adminkit.io/pages-405.html]
[demo.adminkit.io/pages-501.html]
[demo.adminkit.io/ui-alerts-2.html]
[demo.adminkit.io/ui-buttons-2.html]
[demo.adminkit.io/ui-cards-2.html]
[demo.adminkit.io/ui-general-2.html]
[demo.adminkit.io/ui-grid-2.html]
[demo.adminkit.io/ui-modals-2.html]
[demo.adminkit.io/ui-offcanvas-2.html]
[demo.adminkit.io/ui-placeholders-2.html]
[demo.adminkit.io/ui-tabs-2.html]
[demo.adminkit.io/ui-typography-2.html]
[demo.adminkit.io/icons-feather-2.html]
[demo.adminkit.io/icons-font-awesome-2.html]
[demo.adminkit.io/forms-basic-inputs-2.html]
[demo.adminkit.io/forms-layouts-2.html]
[demo.adminkit.io/forms-input-groups-2.html]
[demo.adminkit.io/tables-bootstrap-2.html]
[demo.adminkit.io/forms-advanced-inputs-2.html]
[demo.adminkit.io/forms-editors-2.html]
[demo.adminkit.io/forms-validation-2.html]
[demo.adminkit.io/tables-datatables-responsive-2.html]
[demo.adminkit.io/tables-datatables-buttons-2.html]
[demo.adminkit.io/tables-datatables-column-search-2.html]
[demo.adminkit.io/tables-datatables-fixed-header-2.html]
[demo.adminkit.io/tables-datatables-multi-2.html]
[demo.adminkit.io/tables-datatables-ajax-2.html]
[demo.adminkit.io/charts-chartjs-2.html]
[demo.adminkit.io/charts-apexcharts-2.html]
[demo.adminkit.io/notifications-2.html]
[demo.adminkit.io/maps-google-2.html]
[demo.adminkit.io/maps-vector-2.html]
[demo.adminkit.io/maps-vector-2.html]
